// Jest Snapshot v1, https://goo.gl/fbAQLP

exports[`<Footer /> should render correctly 1`] = `
<footer
  class="sc-bdvvaa gMlHxz"
>
  Made with 
  <svg
    baseProfile="tiny"
    fill="currentColor"
    height="1em"
    stroke="currentColor"
    stroke-width="0"
    version="1.2"
    viewBox="0 0 24 24"
    width="1em"
    xmlns="http://www.w3.org/2000/svg"
  >
    <path
      d="M12 10.375c0-2.416-1.959-4.375-4.375-4.375s-4.375 1.959-4.375 4.375c0 1.127.159 2.784 1.75 4.375l7 5.25s5.409-3.659 7-5.25 1.75-3.248 1.75-4.375c0-2.416-1.959-4.375-4.375-4.375s-4.375 1.959-4.375 4.375"
    />
  </svg>
   by 
   
  <a
    href="https://github.com/theandersonn"
    rel="noreferrer"
    target="_blank"
  >
    theandersonn
  </a>
</footer>
`;
